[0.015s] Invoking command in '/home/modhura/turtlebot3_ws/build/turtlebot3_simulations': AMENT_PREFIX_PATH=/home/modhura/turtlebot3_ws/install/turtlebot3_manipulation_gazebo:/home/modhura/turtlebot3_ws/install/turtlebot3_gazebo:/home/modhura/turtlebot3_ws/install/turtlebot3_fake_node:${AMENT_PREFIX_PATH} CMAKE_PREFIX_PATH=/home/modhura/turtlebot3_ws/install/turtlebot3_manipulation_gazebo:/home/modhura/turtlebot3_ws/install/turtlebot3_gazebo:/home/modhura/turtlebot3_ws/install/turtlebot3_fake_node:/home/modhura/ros2_ws/install/experiment8b_myrobot_bringup:/home/modhura/ros2_ws/install/experiment8b_myrobot:/opt/ros/humble /usr/bin/cmake /home/modhura/turtlebot3_ws/src/turtlebot3_simulations -DCMAKE_INSTALL_PREFIX=/home/modhura/turtlebot3_ws/install/turtlebot3_simulations
[0.069s] -- The C compiler identification is GNU 11.4.0
[0.118s] -- The CXX compiler identification is GNU 11.4.0
[0.126s] -- Detecting C compiler ABI info
[0.188s] -- Detecting C compiler ABI info - done
[0.196s] -- Check for working C compiler: /usr/bin/cc - skipped
[0.196s] -- Detecting C compile features
[0.197s] -- Detecting C compile features - done
[0.200s] -- Detecting CXX compiler ABI info
[0.260s] -- Detecting CXX compiler ABI info - done
[0.266s] -- Check for working CXX compiler: /usr/bin/c++ - skipped
[0.266s] -- Detecting CXX compile features
[0.266s] -- Detecting CXX compile features - done
[0.270s] -- Found ament_cmake: 1.3.13 (/opt/ros/humble/share/ament_cmake/cmake)
[0.401s] -- Found Python3: /usr/bin/python3 (found version "3.10.12") found components: Interpreter 
[0.549s] -- Configuring done
[0.551s] -- Generating done
[0.552s] -- Build files have been written to: /home/modhura/turtlebot3_ws/build/turtlebot3_simulations
[0.556s] Invoked command in '/home/modhura/turtlebot3_ws/build/turtlebot3_simulations' returned '0': AMENT_PREFIX_PATH=/home/modhura/turtlebot3_ws/install/turtlebot3_manipulation_gazebo:/home/modhura/turtlebot3_ws/install/turtlebot3_gazebo:/home/modhura/turtlebot3_ws/install/turtlebot3_fake_node:${AMENT_PREFIX_PATH} CMAKE_PREFIX_PATH=/home/modhura/turtlebot3_ws/install/turtlebot3_manipulation_gazebo:/home/modhura/turtlebot3_ws/install/turtlebot3_gazebo:/home/modhura/turtlebot3_ws/install/turtlebot3_fake_node:/home/modhura/ros2_ws/install/experiment8b_myrobot_bringup:/home/modhura/ros2_ws/install/experiment8b_myrobot:/opt/ros/humble /usr/bin/cmake /home/modhura/turtlebot3_ws/src/turtlebot3_simulations -DCMAKE_INSTALL_PREFIX=/home/modhura/turtlebot3_ws/install/turtlebot3_simulations
[0.557s] Invoking command in '/home/modhura/turtlebot3_ws/build/turtlebot3_simulations': AMENT_PREFIX_PATH=/home/modhura/turtlebot3_ws/install/turtlebot3_manipulation_gazebo:/home/modhura/turtlebot3_ws/install/turtlebot3_gazebo:/home/modhura/turtlebot3_ws/install/turtlebot3_fake_node:${AMENT_PREFIX_PATH} CMAKE_PREFIX_PATH=/home/modhura/turtlebot3_ws/install/turtlebot3_manipulation_gazebo:/home/modhura/turtlebot3_ws/install/turtlebot3_gazebo:/home/modhura/turtlebot3_ws/install/turtlebot3_fake_node:/home/modhura/ros2_ws/install/experiment8b_myrobot_bringup:/home/modhura/ros2_ws/install/experiment8b_myrobot:/opt/ros/humble /usr/bin/cmake --build /home/modhura/turtlebot3_ws/build/turtlebot3_simulations -- -j8 -l8
[0.586s] Invoked command in '/home/modhura/turtlebot3_ws/build/turtlebot3_simulations' returned '0': AMENT_PREFIX_PATH=/home/modhura/turtlebot3_ws/install/turtlebot3_manipulation_gazebo:/home/modhura/turtlebot3_ws/install/turtlebot3_gazebo:/home/modhura/turtlebot3_ws/install/turtlebot3_fake_node:${AMENT_PREFIX_PATH} CMAKE_PREFIX_PATH=/home/modhura/turtlebot3_ws/install/turtlebot3_manipulation_gazebo:/home/modhura/turtlebot3_ws/install/turtlebot3_gazebo:/home/modhura/turtlebot3_ws/install/turtlebot3_fake_node:/home/modhura/ros2_ws/install/experiment8b_myrobot_bringup:/home/modhura/ros2_ws/install/experiment8b_myrobot:/opt/ros/humble /usr/bin/cmake --build /home/modhura/turtlebot3_ws/build/turtlebot3_simulations -- -j8 -l8
[0.588s] Invoking command in '/home/modhura/turtlebot3_ws/build/turtlebot3_simulations': AMENT_PREFIX_PATH=/home/modhura/turtlebot3_ws/install/turtlebot3_manipulation_gazebo:/home/modhura/turtlebot3_ws/install/turtlebot3_gazebo:/home/modhura/turtlebot3_ws/install/turtlebot3_fake_node:${AMENT_PREFIX_PATH} CMAKE_PREFIX_PATH=/home/modhura/turtlebot3_ws/install/turtlebot3_manipulation_gazebo:/home/modhura/turtlebot3_ws/install/turtlebot3_gazebo:/home/modhura/turtlebot3_ws/install/turtlebot3_fake_node:/home/modhura/ros2_ws/install/experiment8b_myrobot_bringup:/home/modhura/ros2_ws/install/experiment8b_myrobot:/opt/ros/humble /usr/bin/cmake --install /home/modhura/turtlebot3_ws/build/turtlebot3_simulations
[0.593s] -- Install configuration: ""
[0.593s] -- Installing: /home/modhura/turtlebot3_ws/install/turtlebot3_simulations/share/ament_index/resource_index/package_run_dependencies/turtlebot3_simulations
[0.594s] -- Installing: /home/modhura/turtlebot3_ws/install/turtlebot3_simulations/share/ament_index/resource_index/parent_prefix_path/turtlebot3_simulations
[0.594s] -- Installing: /home/modhura/turtlebot3_ws/install/turtlebot3_simulations/share/turtlebot3_simulations/environment/ament_prefix_path.sh
[0.594s] -- Installing: /home/modhura/turtlebot3_ws/install/turtlebot3_simulations/share/turtlebot3_simulations/environment/ament_prefix_path.dsv
[0.594s] -- Installing: /home/modhura/turtlebot3_ws/install/turtlebot3_simulations/share/turtlebot3_simulations/environment/path.sh
[0.594s] -- Installing: /home/modhura/turtlebot3_ws/install/turtlebot3_simulations/share/turtlebot3_simulations/environment/path.dsv
[0.595s] -- Installing: /home/modhura/turtlebot3_ws/install/turtlebot3_simulations/share/turtlebot3_simulations/local_setup.bash
[0.595s] -- Installing: /home/modhura/turtlebot3_ws/install/turtlebot3_simulations/share/turtlebot3_simulations/local_setup.sh
[0.595s] -- Installing: /home/modhura/turtlebot3_ws/install/turtlebot3_simulations/share/turtlebot3_simulations/local_setup.zsh
[0.595s] -- Installing: /home/modhura/turtlebot3_ws/install/turtlebot3_simulations/share/turtlebot3_simulations/local_setup.dsv
[0.595s] -- Installing: /home/modhura/turtlebot3_ws/install/turtlebot3_simulations/share/turtlebot3_simulations/package.dsv
[0.595s] -- Installing: /home/modhura/turtlebot3_ws/install/turtlebot3_simulations/share/ament_index/resource_index/packages/turtlebot3_simulations
[0.596s] -- Installing: /home/modhura/turtlebot3_ws/install/turtlebot3_simulations/share/turtlebot3_simulations/cmake/turtlebot3_simulationsConfig.cmake
[0.596s] -- Installing: /home/modhura/turtlebot3_ws/install/turtlebot3_simulations/share/turtlebot3_simulations/cmake/turtlebot3_simulationsConfig-version.cmake
[0.596s] -- Installing: /home/modhura/turtlebot3_ws/install/turtlebot3_simulations/share/turtlebot3_simulations/package.xml
[0.599s] Invoked command in '/home/modhura/turtlebot3_ws/build/turtlebot3_simulations' returned '0': AMENT_PREFIX_PATH=/home/modhura/turtlebot3_ws/install/turtlebot3_manipulation_gazebo:/home/modhura/turtlebot3_ws/install/turtlebot3_gazebo:/home/modhura/turtlebot3_ws/install/turtlebot3_fake_node:${AMENT_PREFIX_PATH} CMAKE_PREFIX_PATH=/home/modhura/turtlebot3_ws/install/turtlebot3_manipulation_gazebo:/home/modhura/turtlebot3_ws/install/turtlebot3_gazebo:/home/modhura/turtlebot3_ws/install/turtlebot3_fake_node:/home/modhura/ros2_ws/install/experiment8b_myrobot_bringup:/home/modhura/ros2_ws/install/experiment8b_myrobot:/opt/ros/humble /usr/bin/cmake --install /home/modhura/turtlebot3_ws/build/turtlebot3_simulations
