[0.107s] DEBUG:colcon:Command line arguments: ['/usr/bin/colcon', 'build']
[0.107s] DEBUG:colcon:Parsed command line arguments: Namespace(log_base=None, log_level=None, verb_name='build', build_base='build', install_base='install', merge_install=False, symlink_install=False, test_result_base=None, continue_on_error=False, executor='parallel', parallel_workers=8, event_handlers=None, ignore_user_meta=False, metas=['./colcon.meta'], base_paths=['.'], packages_ignore=None, packages_ignore_regex=None, paths=None, packages_up_to=None, packages_up_to_regex=None, packages_above=None, packages_above_and_dependencies=None, packages_above_depth=None, packages_select_by_dep=None, packages_skip_by_dep=None, packages_skip_up_to=None, packages_select_build_failed=False, packages_skip_build_finished=False, packages_select_test_failures=False, packages_skip_test_passed=False, packages_select=None, packages_skip=None, packages_select_regex=None, packages_skip_regex=None, packages_start=None, packages_end=None, allow_overriding=[], cmake_args=None, cmake_target=None, cmake_target_skip_unavailable=False, cmake_clean_cache=False, cmake_clean_first=False, cmake_force_configure=False, ament_cmake_args=None, catkin_cmake_args=None, catkin_skip_building_tests=False, mixin_files=None, mixin=None, verb_parser=<colcon_mixin.mixin.mixin_argument.MixinArgumentDecorator object at 0x7c11ebc529e0>, verb_extension=<colcon_core.verb.build.BuildVerb object at 0x7c11ebc52470>, main=<bound method BuildVerb.main of <colcon_core.verb.build.BuildVerb object at 0x7c11ebc52470>>, mixin_verb=('build',))
[0.303s] Level 1:colcon.colcon_core.package_discovery:discover_packages(colcon_meta) check parameters
[0.303s] Level 1:colcon.colcon_core.package_discovery:discover_packages(recursive) check parameters
[0.303s] Level 1:colcon.colcon_core.package_discovery:discover_packages(ignore) check parameters
[0.303s] Level 1:colcon.colcon_core.package_discovery:discover_packages(path) check parameters
[0.303s] Level 1:colcon.colcon_core.package_discovery:discover_packages(colcon_meta) discover
[0.303s] Level 1:colcon.colcon_core.package_discovery:discover_packages(recursive) discover
[0.303s] INFO:colcon.colcon_core.package_discovery:Crawling recursively for packages in '/home/modhura/turtlebot3_ws'
[0.303s] Level 1:colcon.colcon_core.package_identification:_identify(.) by extensions ['ignore', 'ignore_ament_install']
[0.303s] Level 1:colcon.colcon_core.package_identification:_identify(.) by extension 'ignore'
[0.303s] Level 1:colcon.colcon_core.package_identification:_identify(.) by extension 'ignore_ament_install'
[0.303s] Level 1:colcon.colcon_core.package_identification:_identify(.) by extensions ['colcon_pkg']
[0.303s] Level 1:colcon.colcon_core.package_identification:_identify(.) by extension 'colcon_pkg'
[0.303s] Level 1:colcon.colcon_core.package_identification:_identify(.) by extensions ['colcon_meta']
[0.303s] Level 1:colcon.colcon_core.package_identification:_identify(.) by extension 'colcon_meta'
[0.303s] Level 1:colcon.colcon_core.package_identification:_identify(.) by extensions ['ros']
[0.303s] Level 1:colcon.colcon_core.package_identification:_identify(.) by extension 'ros'
[0.310s] Level 1:colcon.colcon_core.package_identification:_identify(.) by extensions ['cmake', 'python']
[0.311s] Level 1:colcon.colcon_core.package_identification:_identify(.) by extension 'cmake'
[0.311s] Level 1:colcon.colcon_core.package_identification:_identify(.) by extension 'python'
[0.311s] Level 1:colcon.colcon_core.package_identification:_identify(.) by extensions ['python_setup_py']
[0.311s] Level 1:colcon.colcon_core.package_identification:_identify(.) by extension 'python_setup_py'
[0.311s] Level 1:colcon.colcon_core.package_identification:_identify(build) by extensions ['ignore', 'ignore_ament_install']
[0.311s] Level 1:colcon.colcon_core.package_identification:_identify(build) by extension 'ignore'
[0.311s] Level 1:colcon.colcon_core.package_identification:_identify(build) ignored
[0.311s] Level 1:colcon.colcon_core.package_identification:_identify(install) by extensions ['ignore', 'ignore_ament_install']
[0.311s] Level 1:colcon.colcon_core.package_identification:_identify(install) by extension 'ignore'
[0.311s] Level 1:colcon.colcon_core.package_identification:_identify(install) ignored
[0.311s] Level 1:colcon.colcon_core.package_identification:_identify(log) by extensions ['ignore', 'ignore_ament_install']
[0.311s] Level 1:colcon.colcon_core.package_identification:_identify(log) by extension 'ignore'
[0.311s] Level 1:colcon.colcon_core.package_identification:_identify(log) ignored
[0.311s] Level 1:colcon.colcon_core.package_identification:_identify(src) by extensions ['ignore', 'ignore_ament_install']
[0.311s] Level 1:colcon.colcon_core.package_identification:_identify(src) by extension 'ignore'
[0.311s] Level 1:colcon.colcon_core.package_identification:_identify(src) by extension 'ignore_ament_install'
[0.311s] Level 1:colcon.colcon_core.package_identification:_identify(src) by extensions ['colcon_pkg']
[0.311s] Level 1:colcon.colcon_core.package_identification:_identify(src) by extension 'colcon_pkg'
[0.311s] Level 1:colcon.colcon_core.package_identification:_identify(src) by extensions ['colcon_meta']
[0.311s] Level 1:colcon.colcon_core.package_identification:_identify(src) by extension 'colcon_meta'
[0.311s] Level 1:colcon.colcon_core.package_identification:_identify(src) by extensions ['ros']
[0.311s] Level 1:colcon.colcon_core.package_identification:_identify(src) by extension 'ros'
[0.311s] Level 1:colcon.colcon_core.package_identification:_identify(src) by extensions ['cmake', 'python']
[0.311s] Level 1:colcon.colcon_core.package_identification:_identify(src) by extension 'cmake'
[0.311s] Level 1:colcon.colcon_core.package_identification:_identify(src) by extension 'python'
[0.311s] Level 1:colcon.colcon_core.package_identification:_identify(src) by extensions ['python_setup_py']
[0.311s] Level 1:colcon.colcon_core.package_identification:_identify(src) by extension 'python_setup_py'
[0.312s] Level 1:colcon.colcon_core.package_identification:_identify(src/turtlebot3_fake_node) by extensions ['ignore', 'ignore_ament_install']
[0.312s] Level 1:colcon.colcon_core.package_identification:_identify(src/turtlebot3_fake_node) by extension 'ignore'
[0.312s] Level 1:colcon.colcon_core.package_identification:_identify(src/turtlebot3_fake_node) by extension 'ignore_ament_install'
[0.312s] Level 1:colcon.colcon_core.package_identification:_identify(src/turtlebot3_fake_node) by extensions ['colcon_pkg']
[0.312s] Level 1:colcon.colcon_core.package_identification:_identify(src/turtlebot3_fake_node) by extension 'colcon_pkg'
[0.312s] Level 1:colcon.colcon_core.package_identification:_identify(src/turtlebot3_fake_node) by extensions ['colcon_meta']
[0.312s] Level 1:colcon.colcon_core.package_identification:_identify(src/turtlebot3_fake_node) by extension 'colcon_meta'
[0.312s] Level 1:colcon.colcon_core.package_identification:_identify(src/turtlebot3_fake_node) by extensions ['ros']
[0.312s] Level 1:colcon.colcon_core.package_identification:_identify(src/turtlebot3_fake_node) by extension 'ros'
[0.314s] DEBUG:colcon.colcon_core.package_identification:Package 'src/turtlebot3_fake_node' with type 'ros.ament_cmake' and name 'turtlebot3_fake_node'
[0.314s] Level 1:colcon.colcon_core.package_identification:_identify(src/turtlebot3_gazebo) by extensions ['ignore', 'ignore_ament_install']
[0.314s] Level 1:colcon.colcon_core.package_identification:_identify(src/turtlebot3_gazebo) by extension 'ignore'
[0.314s] Level 1:colcon.colcon_core.package_identification:_identify(src/turtlebot3_gazebo) by extension 'ignore_ament_install'
[0.314s] Level 1:colcon.colcon_core.package_identification:_identify(src/turtlebot3_gazebo) by extensions ['colcon_pkg']
[0.314s] Level 1:colcon.colcon_core.package_identification:_identify(src/turtlebot3_gazebo) by extension 'colcon_pkg'
[0.314s] Level 1:colcon.colcon_core.package_identification:_identify(src/turtlebot3_gazebo) by extensions ['colcon_meta']
[0.314s] Level 1:colcon.colcon_core.package_identification:_identify(src/turtlebot3_gazebo) by extension 'colcon_meta'
[0.314s] Level 1:colcon.colcon_core.package_identification:_identify(src/turtlebot3_gazebo) by extensions ['ros']
[0.314s] Level 1:colcon.colcon_core.package_identification:_identify(src/turtlebot3_gazebo) by extension 'ros'
[0.315s] DEBUG:colcon.colcon_core.package_identification:Package 'src/turtlebot3_gazebo' with type 'ros.ament_cmake' and name 'turtlebot3_gazebo'
[0.315s] Level 1:colcon.colcon_core.package_identification:_identify(src/turtlebot3_manipulation_gazebo) by extensions ['ignore', 'ignore_ament_install']
[0.315s] Level 1:colcon.colcon_core.package_identification:_identify(src/turtlebot3_manipulation_gazebo) by extension 'ignore'
[0.315s] Level 1:colcon.colcon_core.package_identification:_identify(src/turtlebot3_manipulation_gazebo) by extension 'ignore_ament_install'
[0.315s] Level 1:colcon.colcon_core.package_identification:_identify(src/turtlebot3_manipulation_gazebo) by extensions ['colcon_pkg']
[0.315s] Level 1:colcon.colcon_core.package_identification:_identify(src/turtlebot3_manipulation_gazebo) by extension 'colcon_pkg'
[0.315s] Level 1:colcon.colcon_core.package_identification:_identify(src/turtlebot3_manipulation_gazebo) by extensions ['colcon_meta']
[0.315s] Level 1:colcon.colcon_core.package_identification:_identify(src/turtlebot3_manipulation_gazebo) by extension 'colcon_meta'
[0.315s] Level 1:colcon.colcon_core.package_identification:_identify(src/turtlebot3_manipulation_gazebo) by extensions ['ros']
[0.315s] Level 1:colcon.colcon_core.package_identification:_identify(src/turtlebot3_manipulation_gazebo) by extension 'ros'
[0.316s] DEBUG:colcon.colcon_core.package_identification:Package 'src/turtlebot3_manipulation_gazebo' with type 'ros.ament_cmake' and name 'turtlebot3_manipulation_gazebo'
[0.316s] Level 1:colcon.colcon_core.package_identification:_identify(src/turtlebot3_simulations) by extensions ['ignore', 'ignore_ament_install']
[0.316s] Level 1:colcon.colcon_core.package_identification:_identify(src/turtlebot3_simulations) by extension 'ignore'
[0.316s] Level 1:colcon.colcon_core.package_identification:_identify(src/turtlebot3_simulations) by extension 'ignore_ament_install'
[0.316s] Level 1:colcon.colcon_core.package_identification:_identify(src/turtlebot3_simulations) by extensions ['colcon_pkg']
[0.316s] Level 1:colcon.colcon_core.package_identification:_identify(src/turtlebot3_simulations) by extension 'colcon_pkg'
[0.316s] Level 1:colcon.colcon_core.package_identification:_identify(src/turtlebot3_simulations) by extensions ['colcon_meta']
[0.316s] Level 1:colcon.colcon_core.package_identification:_identify(src/turtlebot3_simulations) by extension 'colcon_meta'
[0.316s] Level 1:colcon.colcon_core.package_identification:_identify(src/turtlebot3_simulations) by extensions ['ros']
[0.316s] Level 1:colcon.colcon_core.package_identification:_identify(src/turtlebot3_simulations) by extension 'ros'
[0.316s] DEBUG:colcon.colcon_core.package_identification:Package 'src/turtlebot3_simulations' with type 'ros.ament_cmake' and name 'turtlebot3_simulations'
[0.316s] Level 1:colcon.colcon_core.package_discovery:discover_packages(recursive) using defaults
[0.316s] Level 1:colcon.colcon_core.package_discovery:discover_packages(ignore) discover
[0.316s] Level 1:colcon.colcon_core.package_discovery:discover_packages(ignore) using defaults
[0.316s] Level 1:colcon.colcon_core.package_discovery:discover_packages(path) discover
[0.316s] Level 1:colcon.colcon_core.package_discovery:discover_packages(path) using defaults
[0.349s] Level 1:colcon.colcon_core.package_discovery:discover_packages(prefix_path) check parameters
[0.349s] Level 1:colcon.colcon_core.package_discovery:discover_packages(prefix_path) discover
[0.351s] DEBUG:colcon.colcon_installed_package_information.package_discovery:Found 2 installed packages in /home/modhura/ros2_ws/install
[0.352s] DEBUG:colcon.colcon_installed_package_information.package_discovery:Found 458 installed packages in /opt/ros/humble
[0.354s] Level 1:colcon.colcon_core.package_discovery:discover_packages(prefix_path) using defaults
[0.392s] Level 5:colcon.colcon_core.verb:set package 'turtlebot3_fake_node' build argument 'cmake_args' from command line to 'None'
[0.392s] Level 5:colcon.colcon_core.verb:set package 'turtlebot3_fake_node' build argument 'cmake_target' from command line to 'None'
[0.392s] Level 5:colcon.colcon_core.verb:set package 'turtlebot3_fake_node' build argument 'cmake_target_skip_unavailable' from command line to 'False'
[0.392s] Level 5:colcon.colcon_core.verb:set package 'turtlebot3_fake_node' build argument 'cmake_clean_cache' from command line to 'False'
[0.392s] Level 5:colcon.colcon_core.verb:set package 'turtlebot3_fake_node' build argument 'cmake_clean_first' from command line to 'False'
[0.392s] Level 5:colcon.colcon_core.verb:set package 'turtlebot3_fake_node' build argument 'cmake_force_configure' from command line to 'False'
[0.392s] Level 5:colcon.colcon_core.verb:set package 'turtlebot3_fake_node' build argument 'ament_cmake_args' from command line to 'None'
[0.392s] Level 5:colcon.colcon_core.verb:set package 'turtlebot3_fake_node' build argument 'catkin_cmake_args' from command line to 'None'
[0.392s] Level 5:colcon.colcon_core.verb:set package 'turtlebot3_fake_node' build argument 'catkin_skip_building_tests' from command line to 'False'
[0.392s] DEBUG:colcon.colcon_core.verb:Building package 'turtlebot3_fake_node' with the following arguments: {'ament_cmake_args': None, 'build_base': '/home/modhura/turtlebot3_ws/build/turtlebot3_fake_node', 'catkin_cmake_args': None, 'catkin_skip_building_tests': False, 'cmake_args': None, 'cmake_clean_cache': False, 'cmake_clean_first': False, 'cmake_force_configure': False, 'cmake_target': None, 'cmake_target_skip_unavailable': False, 'install_base': '/home/modhura/turtlebot3_ws/install/turtlebot3_fake_node', 'merge_install': False, 'path': '/home/modhura/turtlebot3_ws/src/turtlebot3_fake_node', 'symlink_install': False, 'test_result_base': None}
[0.392s] Level 5:colcon.colcon_core.verb:set package 'turtlebot3_gazebo' build argument 'cmake_args' from command line to 'None'
[0.392s] Level 5:colcon.colcon_core.verb:set package 'turtlebot3_gazebo' build argument 'cmake_target' from command line to 'None'
[0.392s] Level 5:colcon.colcon_core.verb:set package 'turtlebot3_gazebo' build argument 'cmake_target_skip_unavailable' from command line to 'False'
[0.392s] Level 5:colcon.colcon_core.verb:set package 'turtlebot3_gazebo' build argument 'cmake_clean_cache' from command line to 'False'
[0.392s] Level 5:colcon.colcon_core.verb:set package 'turtlebot3_gazebo' build argument 'cmake_clean_first' from command line to 'False'
[0.392s] Level 5:colcon.colcon_core.verb:set package 'turtlebot3_gazebo' build argument 'cmake_force_configure' from command line to 'False'
[0.392s] Level 5:colcon.colcon_core.verb:set package 'turtlebot3_gazebo' build argument 'ament_cmake_args' from command line to 'None'
[0.392s] Level 5:colcon.colcon_core.verb:set package 'turtlebot3_gazebo' build argument 'catkin_cmake_args' from command line to 'None'
[0.392s] Level 5:colcon.colcon_core.verb:set package 'turtlebot3_gazebo' build argument 'catkin_skip_building_tests' from command line to 'False'
[0.393s] DEBUG:colcon.colcon_core.verb:Building package 'turtlebot3_gazebo' with the following arguments: {'ament_cmake_args': None, 'build_base': '/home/modhura/turtlebot3_ws/build/turtlebot3_gazebo', 'catkin_cmake_args': None, 'catkin_skip_building_tests': False, 'cmake_args': None, 'cmake_clean_cache': False, 'cmake_clean_first': False, 'cmake_force_configure': False, 'cmake_target': None, 'cmake_target_skip_unavailable': False, 'install_base': '/home/modhura/turtlebot3_ws/install/turtlebot3_gazebo', 'merge_install': False, 'path': '/home/modhura/turtlebot3_ws/src/turtlebot3_gazebo', 'symlink_install': False, 'test_result_base': None}
[0.393s] Level 5:colcon.colcon_core.verb:set package 'turtlebot3_manipulation_gazebo' build argument 'cmake_args' from command line to 'None'
[0.393s] Level 5:colcon.colcon_core.verb:set package 'turtlebot3_manipulation_gazebo' build argument 'cmake_target' from command line to 'None'
[0.393s] Level 5:colcon.colcon_core.verb:set package 'turtlebot3_manipulation_gazebo' build argument 'cmake_target_skip_unavailable' from command line to 'False'
[0.393s] Level 5:colcon.colcon_core.verb:set package 'turtlebot3_manipulation_gazebo' build argument 'cmake_clean_cache' from command line to 'False'
[0.393s] Level 5:colcon.colcon_core.verb:set package 'turtlebot3_manipulation_gazebo' build argument 'cmake_clean_first' from command line to 'False'
[0.393s] Level 5:colcon.colcon_core.verb:set package 'turtlebot3_manipulation_gazebo' build argument 'cmake_force_configure' from command line to 'False'
[0.393s] Level 5:colcon.colcon_core.verb:set package 'turtlebot3_manipulation_gazebo' build argument 'ament_cmake_args' from command line to 'None'
[0.393s] Level 5:colcon.colcon_core.verb:set package 'turtlebot3_manipulation_gazebo' build argument 'catkin_cmake_args' from command line to 'None'
[0.393s] Level 5:colcon.colcon_core.verb:set package 'turtlebot3_manipulation_gazebo' build argument 'catkin_skip_building_tests' from command line to 'False'
[0.393s] DEBUG:colcon.colcon_core.verb:Building package 'turtlebot3_manipulation_gazebo' with the following arguments: {'ament_cmake_args': None, 'build_base': '/home/modhura/turtlebot3_ws/build/turtlebot3_manipulation_gazebo', 'catkin_cmake_args': None, 'catkin_skip_building_tests': False, 'cmake_args': None, 'cmake_clean_cache': False, 'cmake_clean_first': False, 'cmake_force_configure': False, 'cmake_target': None, 'cmake_target_skip_unavailable': False, 'install_base': '/home/modhura/turtlebot3_ws/install/turtlebot3_manipulation_gazebo', 'merge_install': False, 'path': '/home/modhura/turtlebot3_ws/src/turtlebot3_manipulation_gazebo', 'symlink_install': False, 'test_result_base': None}
[0.393s] Level 5:colcon.colcon_core.verb:set package 'turtlebot3_simulations' build argument 'cmake_args' from command line to 'None'
[0.393s] Level 5:colcon.colcon_core.verb:set package 'turtlebot3_simulations' build argument 'cmake_target' from command line to 'None'
[0.393s] Level 5:colcon.colcon_core.verb:set package 'turtlebot3_simulations' build argument 'cmake_target_skip_unavailable' from command line to 'False'
[0.393s] Level 5:colcon.colcon_core.verb:set package 'turtlebot3_simulations' build argument 'cmake_clean_cache' from command line to 'False'
[0.393s] Level 5:colcon.colcon_core.verb:set package 'turtlebot3_simulations' build argument 'cmake_clean_first' from command line to 'False'
[0.393s] Level 5:colcon.colcon_core.verb:set package 'turtlebot3_simulations' build argument 'cmake_force_configure' from command line to 'False'
[0.393s] Level 5:colcon.colcon_core.verb:set package 'turtlebot3_simulations' build argument 'ament_cmake_args' from command line to 'None'
[0.393s] Level 5:colcon.colcon_core.verb:set package 'turtlebot3_simulations' build argument 'catkin_cmake_args' from command line to 'None'
[0.393s] Level 5:colcon.colcon_core.verb:set package 'turtlebot3_simulations' build argument 'catkin_skip_building_tests' from command line to 'False'
[0.393s] DEBUG:colcon.colcon_core.verb:Building package 'turtlebot3_simulations' with the following arguments: {'ament_cmake_args': None, 'build_base': '/home/modhura/turtlebot3_ws/build/turtlebot3_simulations', 'catkin_cmake_args': None, 'catkin_skip_building_tests': False, 'cmake_args': None, 'cmake_clean_cache': False, 'cmake_clean_first': False, 'cmake_force_configure': False, 'cmake_target': None, 'cmake_target_skip_unavailable': False, 'install_base': '/home/modhura/turtlebot3_ws/install/turtlebot3_simulations', 'merge_install': False, 'path': '/home/modhura/turtlebot3_ws/src/turtlebot3_simulations', 'symlink_install': False, 'test_result_base': None}
[0.393s] INFO:colcon.colcon_core.executor:Executing jobs using 'parallel' executor
[0.394s] DEBUG:colcon.colcon_parallel_executor.executor.parallel:run_until_complete
[0.395s] INFO:colcon.colcon_ros.task.ament_cmake.build:Building ROS package in '/home/modhura/turtlebot3_ws/src/turtlebot3_fake_node' with build type 'ament_cmake'
[0.395s] INFO:colcon.colcon_cmake.task.cmake.build:Building CMake package in '/home/modhura/turtlebot3_ws/src/turtlebot3_fake_node'
[0.398s] INFO:colcon.colcon_core.plugin_system:Skipping extension 'colcon_core.shell.bat': Not used on non-Windows systems
[0.399s] INFO:colcon.colcon_core.shell:Skip shell extension 'powershell' for command environment: Not usable outside of PowerShell
[0.399s] DEBUG:colcon.colcon_core.shell:Skip shell extension 'dsv' for command environment
[0.402s] INFO:colcon.colcon_ros.task.ament_cmake.build:Building ROS package in '/home/modhura/turtlebot3_ws/src/turtlebot3_gazebo' with build type 'ament_cmake'
[0.402s] INFO:colcon.colcon_cmake.task.cmake.build:Building CMake package in '/home/modhura/turtlebot3_ws/src/turtlebot3_gazebo'
[0.402s] INFO:colcon.colcon_core.shell:Skip shell extension 'powershell' for command environment: Not usable outside of PowerShell
[0.402s] DEBUG:colcon.colcon_core.shell:Skip shell extension 'dsv' for command environment
[0.405s] INFO:colcon.colcon_ros.task.ament_cmake.build:Building ROS package in '/home/modhura/turtlebot3_ws/src/turtlebot3_manipulation_gazebo' with build type 'ament_cmake'
[0.405s] INFO:colcon.colcon_cmake.task.cmake.build:Building CMake package in '/home/modhura/turtlebot3_ws/src/turtlebot3_manipulation_gazebo'
[0.405s] INFO:colcon.colcon_core.shell:Skip shell extension 'powershell' for command environment: Not usable outside of PowerShell
[0.405s] DEBUG:colcon.colcon_core.shell:Skip shell extension 'dsv' for command environment
[0.411s] DEBUG:colcon.colcon_core.event_handler.log_command:Invoking command in '/home/modhura/turtlebot3_ws/build/turtlebot3_fake_node': CMAKE_PREFIX_PATH=${CMAKE_PREFIX_PATH}:/opt/ros/humble /usr/bin/cmake /home/modhura/turtlebot3_ws/src/turtlebot3_fake_node -DCMAKE_INSTALL_PREFIX=/home/modhura/turtlebot3_ws/install/turtlebot3_fake_node
[0.413s] DEBUG:colcon.colcon_core.event_handler.log_command:Invoking command in '/home/modhura/turtlebot3_ws/build/turtlebot3_gazebo': CMAKE_PREFIX_PATH=${CMAKE_PREFIX_PATH}:/opt/ros/humble /usr/bin/cmake /home/modhura/turtlebot3_ws/src/turtlebot3_gazebo -DCMAKE_INSTALL_PREFIX=/home/modhura/turtlebot3_ws/install/turtlebot3_gazebo
[0.415s] DEBUG:colcon.colcon_core.event_handler.log_command:Invoking command in '/home/modhura/turtlebot3_ws/build/turtlebot3_manipulation_gazebo': CMAKE_PREFIX_PATH=${CMAKE_PREFIX_PATH}:/opt/ros/humble /usr/bin/cmake /home/modhura/turtlebot3_ws/src/turtlebot3_manipulation_gazebo -DCMAKE_INSTALL_PREFIX=/home/modhura/turtlebot3_ws/install/turtlebot3_manipulation_gazebo
[1.024s] DEBUG:colcon.colcon_core.event_handler.log_command:Invoked command in '/home/modhura/turtlebot3_ws/build/turtlebot3_manipulation_gazebo' returned '0': CMAKE_PREFIX_PATH=${CMAKE_PREFIX_PATH}:/opt/ros/humble /usr/bin/cmake /home/modhura/turtlebot3_ws/src/turtlebot3_manipulation_gazebo -DCMAKE_INSTALL_PREFIX=/home/modhura/turtlebot3_ws/install/turtlebot3_manipulation_gazebo
[1.025s] DEBUG:colcon.colcon_core.event_handler.log_command:Invoking command in '/home/modhura/turtlebot3_ws/build/turtlebot3_manipulation_gazebo': CMAKE_PREFIX_PATH=${CMAKE_PREFIX_PATH}:/opt/ros/humble /usr/bin/cmake --build /home/modhura/turtlebot3_ws/build/turtlebot3_manipulation_gazebo -- -j8 -l8
[1.056s] DEBUG:colcon.colcon_core.event_handler.log_command:Invoked command in '/home/modhura/turtlebot3_ws/build/turtlebot3_manipulation_gazebo' returned '0': CMAKE_PREFIX_PATH=${CMAKE_PREFIX_PATH}:/opt/ros/humble /usr/bin/cmake --build /home/modhura/turtlebot3_ws/build/turtlebot3_manipulation_gazebo -- -j8 -l8
[1.066s] DEBUG:colcon.colcon_core.event_handler.log_command:Invoking command in '/home/modhura/turtlebot3_ws/build/turtlebot3_manipulation_gazebo': CMAKE_PREFIX_PATH=${CMAKE_PREFIX_PATH}:/opt/ros/humble /usr/bin/cmake --install /home/modhura/turtlebot3_ws/build/turtlebot3_manipulation_gazebo
[1.097s] Level 1:colcon.colcon_core.environment:create_environment_scripts_only(turtlebot3_manipulation_gazebo)
[1.098s] DEBUG:colcon.colcon_core.event_handler.log_command:Invoked command in '/home/modhura/turtlebot3_ws/build/turtlebot3_manipulation_gazebo' returned '0': CMAKE_PREFIX_PATH=${CMAKE_PREFIX_PATH}:/opt/ros/humble /usr/bin/cmake --install /home/modhura/turtlebot3_ws/build/turtlebot3_manipulation_gazebo
[1.102s] Level 1:colcon.colcon_core.environment:checking '/home/modhura/turtlebot3_ws/install/turtlebot3_manipulation_gazebo' for CMake module files
[1.102s] Level 1:colcon.colcon_core.environment:checking '/home/modhura/turtlebot3_ws/install/turtlebot3_manipulation_gazebo' for CMake config files
[1.102s] Level 1:colcon.colcon_core.shell:create_environment_hook('turtlebot3_manipulation_gazebo', 'cmake_prefix_path')
[1.102s] INFO:colcon.colcon_core.shell:Creating environment hook '/home/modhura/turtlebot3_ws/install/turtlebot3_manipulation_gazebo/share/turtlebot3_manipulation_gazebo/hook/cmake_prefix_path.ps1'
[1.103s] INFO:colcon.colcon_core.shell:Creating environment descriptor '/home/modhura/turtlebot3_ws/install/turtlebot3_manipulation_gazebo/share/turtlebot3_manipulation_gazebo/hook/cmake_prefix_path.dsv'
[1.104s] INFO:colcon.colcon_core.shell:Creating environment hook '/home/modhura/turtlebot3_ws/install/turtlebot3_manipulation_gazebo/share/turtlebot3_manipulation_gazebo/hook/cmake_prefix_path.sh'
[1.105s] Level 1:colcon.colcon_core.environment:checking '/home/modhura/turtlebot3_ws/install/turtlebot3_manipulation_gazebo/bin'
[1.105s] Level 1:colcon.colcon_core.environment:checking '/home/modhura/turtlebot3_ws/install/turtlebot3_manipulation_gazebo/lib/pkgconfig/turtlebot3_manipulation_gazebo.pc'
[1.105s] Level 1:colcon.colcon_core.environment:checking '/home/modhura/turtlebot3_ws/install/turtlebot3_manipulation_gazebo/lib/python3.10/site-packages'
[1.105s] Level 1:colcon.colcon_core.environment:checking '/home/modhura/turtlebot3_ws/install/turtlebot3_manipulation_gazebo/bin'
[1.106s] INFO:colcon.colcon_core.shell:Creating package script '/home/modhura/turtlebot3_ws/install/turtlebot3_manipulation_gazebo/share/turtlebot3_manipulation_gazebo/package.ps1'
[1.106s] INFO:colcon.colcon_core.shell:Creating package descriptor '/home/modhura/turtlebot3_ws/install/turtlebot3_manipulation_gazebo/share/turtlebot3_manipulation_gazebo/package.dsv'
[1.107s] INFO:colcon.colcon_core.shell:Creating package script '/home/modhura/turtlebot3_ws/install/turtlebot3_manipulation_gazebo/share/turtlebot3_manipulation_gazebo/package.sh'
[1.108s] INFO:colcon.colcon_core.shell:Creating package script '/home/modhura/turtlebot3_ws/install/turtlebot3_manipulation_gazebo/share/turtlebot3_manipulation_gazebo/package.bash'
[1.109s] INFO:colcon.colcon_core.shell:Creating package script '/home/modhura/turtlebot3_ws/install/turtlebot3_manipulation_gazebo/share/turtlebot3_manipulation_gazebo/package.zsh'
[1.109s] Level 1:colcon.colcon_core.environment:create_file_with_runtime_dependencies(/home/modhura/turtlebot3_ws/install/turtlebot3_manipulation_gazebo/share/colcon-core/packages/turtlebot3_manipulation_gazebo)
[1.110s] Level 1:colcon.colcon_core.environment:create_environment_scripts_only(turtlebot3_manipulation_gazebo)
[1.110s] Level 1:colcon.colcon_core.environment:checking '/home/modhura/turtlebot3_ws/install/turtlebot3_manipulation_gazebo' for CMake module files
[1.110s] Level 1:colcon.colcon_core.environment:checking '/home/modhura/turtlebot3_ws/install/turtlebot3_manipulation_gazebo' for CMake config files
[1.111s] Level 1:colcon.colcon_core.shell:create_environment_hook('turtlebot3_manipulation_gazebo', 'cmake_prefix_path')
[1.111s] INFO:colcon.colcon_core.shell:Creating environment hook '/home/modhura/turtlebot3_ws/install/turtlebot3_manipulation_gazebo/share/turtlebot3_manipulation_gazebo/hook/cmake_prefix_path.ps1'
[1.111s] INFO:colcon.colcon_core.shell:Creating environment descriptor '/home/modhura/turtlebot3_ws/install/turtlebot3_manipulation_gazebo/share/turtlebot3_manipulation_gazebo/hook/cmake_prefix_path.dsv'
[1.111s] INFO:colcon.colcon_core.shell:Creating environment hook '/home/modhura/turtlebot3_ws/install/turtlebot3_manipulation_gazebo/share/turtlebot3_manipulation_gazebo/hook/cmake_prefix_path.sh'
[1.112s] Level 1:colcon.colcon_core.environment:checking '/home/modhura/turtlebot3_ws/install/turtlebot3_manipulation_gazebo/bin'
[1.112s] Level 1:colcon.colcon_core.environment:checking '/home/modhura/turtlebot3_ws/install/turtlebot3_manipulation_gazebo/lib/pkgconfig/turtlebot3_manipulation_gazebo.pc'
[1.112s] Level 1:colcon.colcon_core.environment:checking '/home/modhura/turtlebot3_ws/install/turtlebot3_manipulation_gazebo/lib/python3.10/site-packages'
[1.112s] Level 1:colcon.colcon_core.environment:checking '/home/modhura/turtlebot3_ws/install/turtlebot3_manipulation_gazebo/bin'
[1.113s] INFO:colcon.colcon_core.shell:Creating package script '/home/modhura/turtlebot3_ws/install/turtlebot3_manipulation_gazebo/share/turtlebot3_manipulation_gazebo/package.ps1'
[1.113s] INFO:colcon.colcon_core.shell:Creating package descriptor '/home/modhura/turtlebot3_ws/install/turtlebot3_manipulation_gazebo/share/turtlebot3_manipulation_gazebo/package.dsv'
[1.113s] INFO:colcon.colcon_core.shell:Creating package script '/home/modhura/turtlebot3_ws/install/turtlebot3_manipulation_gazebo/share/turtlebot3_manipulation_gazebo/package.sh'
[1.114s] INFO:colcon.colcon_core.shell:Creating package script '/home/modhura/turtlebot3_ws/install/turtlebot3_manipulation_gazebo/share/turtlebot3_manipulation_gazebo/package.bash'
[1.114s] INFO:colcon.colcon_core.shell:Creating package script '/home/modhura/turtlebot3_ws/install/turtlebot3_manipulation_gazebo/share/turtlebot3_manipulation_gazebo/package.zsh'
[1.114s] Level 1:colcon.colcon_core.environment:create_file_with_runtime_dependencies(/home/modhura/turtlebot3_ws/install/turtlebot3_manipulation_gazebo/share/colcon-core/packages/turtlebot3_manipulation_gazebo)
[1.674s] DEBUG:colcon.colcon_core.event_handler.log_command:Invoked command in '/home/modhura/turtlebot3_ws/build/turtlebot3_fake_node' returned '0': CMAKE_PREFIX_PATH=${CMAKE_PREFIX_PATH}:/opt/ros/humble /usr/bin/cmake /home/modhura/turtlebot3_ws/src/turtlebot3_fake_node -DCMAKE_INSTALL_PREFIX=/home/modhura/turtlebot3_ws/install/turtlebot3_fake_node
[1.676s] DEBUG:colcon.colcon_core.event_handler.log_command:Invoking command in '/home/modhura/turtlebot3_ws/build/turtlebot3_fake_node': CMAKE_PREFIX_PATH=${CMAKE_PREFIX_PATH}:/opt/ros/humble /usr/bin/cmake --build /home/modhura/turtlebot3_ws/build/turtlebot3_fake_node -- -j8 -l8
[2.304s] DEBUG:colcon.colcon_core.event_handler.log_command:Invoked command in '/home/modhura/turtlebot3_ws/build/turtlebot3_gazebo' returned '0': CMAKE_PREFIX_PATH=${CMAKE_PREFIX_PATH}:/opt/ros/humble /usr/bin/cmake /home/modhura/turtlebot3_ws/src/turtlebot3_gazebo -DCMAKE_INSTALL_PREFIX=/home/modhura/turtlebot3_ws/install/turtlebot3_gazebo
[2.306s] DEBUG:colcon.colcon_core.event_handler.log_command:Invoking command in '/home/modhura/turtlebot3_ws/build/turtlebot3_gazebo': CMAKE_PREFIX_PATH=${CMAKE_PREFIX_PATH}:/opt/ros/humble /usr/bin/cmake --build /home/modhura/turtlebot3_ws/build/turtlebot3_gazebo -- -j8 -l8
[18.151s] DEBUG:colcon.colcon_core.event_handler.log_command:Invoked command in '/home/modhura/turtlebot3_ws/build/turtlebot3_fake_node' returned '0': CMAKE_PREFIX_PATH=${CMAKE_PREFIX_PATH}:/opt/ros/humble /usr/bin/cmake --build /home/modhura/turtlebot3_ws/build/turtlebot3_fake_node -- -j8 -l8
[18.191s] DEBUG:colcon.colcon_core.event_handler.log_command:Invoking command in '/home/modhura/turtlebot3_ws/build/turtlebot3_fake_node': CMAKE_PREFIX_PATH=${CMAKE_PREFIX_PATH}:/opt/ros/humble /usr/bin/cmake --install /home/modhura/turtlebot3_ws/build/turtlebot3_fake_node
[18.217s] Level 1:colcon.colcon_core.environment:create_environment_scripts_only(turtlebot3_fake_node)
[18.229s] Level 1:colcon.colcon_core.environment:checking '/home/modhura/turtlebot3_ws/install/turtlebot3_fake_node' for CMake module files
[18.230s] DEBUG:colcon.colcon_core.event_handler.log_command:Invoked command in '/home/modhura/turtlebot3_ws/build/turtlebot3_fake_node' returned '0': CMAKE_PREFIX_PATH=${CMAKE_PREFIX_PATH}:/opt/ros/humble /usr/bin/cmake --install /home/modhura/turtlebot3_ws/build/turtlebot3_fake_node
[18.231s] Level 1:colcon.colcon_core.environment:checking '/home/modhura/turtlebot3_ws/install/turtlebot3_fake_node' for CMake config files
[18.233s] Level 1:colcon.colcon_core.shell:create_environment_hook('turtlebot3_fake_node', 'cmake_prefix_path')
[18.235s] INFO:colcon.colcon_core.shell:Creating environment hook '/home/modhura/turtlebot3_ws/install/turtlebot3_fake_node/share/turtlebot3_fake_node/hook/cmake_prefix_path.ps1'
[18.247s] INFO:colcon.colcon_core.shell:Creating environment descriptor '/home/modhura/turtlebot3_ws/install/turtlebot3_fake_node/share/turtlebot3_fake_node/hook/cmake_prefix_path.dsv'
[18.250s] INFO:colcon.colcon_core.shell:Creating environment hook '/home/modhura/turtlebot3_ws/install/turtlebot3_fake_node/share/turtlebot3_fake_node/hook/cmake_prefix_path.sh'
[18.255s] Level 1:colcon.colcon_core.environment:checking '/home/modhura/turtlebot3_ws/install/turtlebot3_fake_node/lib'
[18.265s] Level 1:colcon.colcon_core.environment:checking '/home/modhura/turtlebot3_ws/install/turtlebot3_fake_node/bin'
[18.265s] Level 1:colcon.colcon_core.environment:checking '/home/modhura/turtlebot3_ws/install/turtlebot3_fake_node/lib/pkgconfig/turtlebot3_fake_node.pc'
[18.270s] Level 1:colcon.colcon_core.environment:checking '/home/modhura/turtlebot3_ws/install/turtlebot3_fake_node/lib/python3.10/site-packages'
[18.271s] Level 1:colcon.colcon_core.environment:checking '/home/modhura/turtlebot3_ws/install/turtlebot3_fake_node/bin'
[18.272s] INFO:colcon.colcon_core.shell:Creating package script '/home/modhura/turtlebot3_ws/install/turtlebot3_fake_node/share/turtlebot3_fake_node/package.ps1'
[18.275s] INFO:colcon.colcon_core.shell:Creating package descriptor '/home/modhura/turtlebot3_ws/install/turtlebot3_fake_node/share/turtlebot3_fake_node/package.dsv'
[18.276s] INFO:colcon.colcon_core.shell:Creating package script '/home/modhura/turtlebot3_ws/install/turtlebot3_fake_node/share/turtlebot3_fake_node/package.sh'
[18.278s] INFO:colcon.colcon_core.shell:Creating package script '/home/modhura/turtlebot3_ws/install/turtlebot3_fake_node/share/turtlebot3_fake_node/package.bash'
[18.279s] INFO:colcon.colcon_core.shell:Creating package script '/home/modhura/turtlebot3_ws/install/turtlebot3_fake_node/share/turtlebot3_fake_node/package.zsh'
[18.281s] Level 1:colcon.colcon_core.environment:create_file_with_runtime_dependencies(/home/modhura/turtlebot3_ws/install/turtlebot3_fake_node/share/colcon-core/packages/turtlebot3_fake_node)
[18.283s] Level 1:colcon.colcon_core.environment:create_environment_scripts_only(turtlebot3_fake_node)
[18.284s] Level 1:colcon.colcon_core.environment:checking '/home/modhura/turtlebot3_ws/install/turtlebot3_fake_node' for CMake module files
[18.285s] Level 1:colcon.colcon_core.environment:checking '/home/modhura/turtlebot3_ws/install/turtlebot3_fake_node' for CMake config files
[18.285s] Level 1:colcon.colcon_core.shell:create_environment_hook('turtlebot3_fake_node', 'cmake_prefix_path')
[18.286s] INFO:colcon.colcon_core.shell:Creating environment hook '/home/modhura/turtlebot3_ws/install/turtlebot3_fake_node/share/turtlebot3_fake_node/hook/cmake_prefix_path.ps1'
[18.287s] INFO:colcon.colcon_core.shell:Creating environment descriptor '/home/modhura/turtlebot3_ws/install/turtlebot3_fake_node/share/turtlebot3_fake_node/hook/cmake_prefix_path.dsv'
[18.287s] INFO:colcon.colcon_core.shell:Creating environment hook '/home/modhura/turtlebot3_ws/install/turtlebot3_fake_node/share/turtlebot3_fake_node/hook/cmake_prefix_path.sh'
[18.288s] Level 1:colcon.colcon_core.environment:checking '/home/modhura/turtlebot3_ws/install/turtlebot3_fake_node/lib'
[18.289s] Level 1:colcon.colcon_core.environment:checking '/home/modhura/turtlebot3_ws/install/turtlebot3_fake_node/bin'
[18.289s] Level 1:colcon.colcon_core.environment:checking '/home/modhura/turtlebot3_ws/install/turtlebot3_fake_node/lib/pkgconfig/turtlebot3_fake_node.pc'
[18.289s] Level 1:colcon.colcon_core.environment:checking '/home/modhura/turtlebot3_ws/install/turtlebot3_fake_node/lib/python3.10/site-packages'
[18.290s] Level 1:colcon.colcon_core.environment:checking '/home/modhura/turtlebot3_ws/install/turtlebot3_fake_node/bin'
[18.293s] INFO:colcon.colcon_core.shell:Creating package script '/home/modhura/turtlebot3_ws/install/turtlebot3_fake_node/share/turtlebot3_fake_node/package.ps1'
[18.294s] INFO:colcon.colcon_core.shell:Creating package descriptor '/home/modhura/turtlebot3_ws/install/turtlebot3_fake_node/share/turtlebot3_fake_node/package.dsv'
[18.295s] INFO:colcon.colcon_core.shell:Creating package script '/home/modhura/turtlebot3_ws/install/turtlebot3_fake_node/share/turtlebot3_fake_node/package.sh'
[18.296s] INFO:colcon.colcon_core.shell:Creating package script '/home/modhura/turtlebot3_ws/install/turtlebot3_fake_node/share/turtlebot3_fake_node/package.bash'
[18.297s] INFO:colcon.colcon_core.shell:Creating package script '/home/modhura/turtlebot3_ws/install/turtlebot3_fake_node/share/turtlebot3_fake_node/package.zsh'
[18.297s] Level 1:colcon.colcon_core.environment:create_file_with_runtime_dependencies(/home/modhura/turtlebot3_ws/install/turtlebot3_fake_node/share/colcon-core/packages/turtlebot3_fake_node)
[20.943s] DEBUG:colcon.colcon_core.event_handler.log_command:Invoked command in '/home/modhura/turtlebot3_ws/build/turtlebot3_gazebo' returned '0': CMAKE_PREFIX_PATH=${CMAKE_PREFIX_PATH}:/opt/ros/humble /usr/bin/cmake --build /home/modhura/turtlebot3_ws/build/turtlebot3_gazebo -- -j8 -l8
[20.945s] DEBUG:colcon.colcon_core.event_handler.log_command:Invoking command in '/home/modhura/turtlebot3_ws/build/turtlebot3_gazebo': CMAKE_PREFIX_PATH=${CMAKE_PREFIX_PATH}:/opt/ros/humble /usr/bin/cmake --install /home/modhura/turtlebot3_ws/build/turtlebot3_gazebo
[21.023s] Level 1:colcon.colcon_core.environment:create_environment_scripts_only(turtlebot3_gazebo)
[21.023s] Level 1:colcon.colcon_core.environment:checking '/home/modhura/turtlebot3_ws/install/turtlebot3_gazebo' for CMake module files
[21.023s] DEBUG:colcon.colcon_core.event_handler.log_command:Invoked command in '/home/modhura/turtlebot3_ws/build/turtlebot3_gazebo' returned '0': CMAKE_PREFIX_PATH=${CMAKE_PREFIX_PATH}:/opt/ros/humble /usr/bin/cmake --install /home/modhura/turtlebot3_ws/build/turtlebot3_gazebo
[21.024s] Level 1:colcon.colcon_core.environment:checking '/home/modhura/turtlebot3_ws/install/turtlebot3_gazebo' for CMake config files
[21.024s] Level 1:colcon.colcon_core.shell:create_environment_hook('turtlebot3_gazebo', 'cmake_prefix_path')
[21.024s] INFO:colcon.colcon_core.shell:Creating environment hook '/home/modhura/turtlebot3_ws/install/turtlebot3_gazebo/share/turtlebot3_gazebo/hook/cmake_prefix_path.ps1'
[21.024s] INFO:colcon.colcon_core.shell:Creating environment descriptor '/home/modhura/turtlebot3_ws/install/turtlebot3_gazebo/share/turtlebot3_gazebo/hook/cmake_prefix_path.dsv'
[21.025s] INFO:colcon.colcon_core.shell:Creating environment hook '/home/modhura/turtlebot3_ws/install/turtlebot3_gazebo/share/turtlebot3_gazebo/hook/cmake_prefix_path.sh'
[21.025s] Level 1:colcon.colcon_core.environment:checking '/home/modhura/turtlebot3_ws/install/turtlebot3_gazebo/lib'
[21.025s] Level 1:colcon.colcon_core.environment:checking '/home/modhura/turtlebot3_ws/install/turtlebot3_gazebo/bin'
[21.025s] Level 1:colcon.colcon_core.environment:checking '/home/modhura/turtlebot3_ws/install/turtlebot3_gazebo/lib/pkgconfig/turtlebot3_gazebo.pc'
[21.025s] Level 1:colcon.colcon_core.environment:checking '/home/modhura/turtlebot3_ws/install/turtlebot3_gazebo/lib/python3.10/site-packages'
[21.026s] Level 1:colcon.colcon_core.environment:checking '/home/modhura/turtlebot3_ws/install/turtlebot3_gazebo/bin'
[21.026s] INFO:colcon.colcon_core.shell:Creating package script '/home/modhura/turtlebot3_ws/install/turtlebot3_gazebo/share/turtlebot3_gazebo/package.ps1'
[21.026s] INFO:colcon.colcon_core.shell:Creating package descriptor '/home/modhura/turtlebot3_ws/install/turtlebot3_gazebo/share/turtlebot3_gazebo/package.dsv'
[21.027s] INFO:colcon.colcon_core.shell:Creating package script '/home/modhura/turtlebot3_ws/install/turtlebot3_gazebo/share/turtlebot3_gazebo/package.sh'
[21.027s] INFO:colcon.colcon_core.shell:Creating package script '/home/modhura/turtlebot3_ws/install/turtlebot3_gazebo/share/turtlebot3_gazebo/package.bash'
[21.028s] INFO:colcon.colcon_core.shell:Creating package script '/home/modhura/turtlebot3_ws/install/turtlebot3_gazebo/share/turtlebot3_gazebo/package.zsh'
[21.028s] Level 1:colcon.colcon_core.environment:create_file_with_runtime_dependencies(/home/modhura/turtlebot3_ws/install/turtlebot3_gazebo/share/colcon-core/packages/turtlebot3_gazebo)
[21.028s] Level 1:colcon.colcon_core.environment:create_environment_scripts_only(turtlebot3_gazebo)
[21.029s] Level 1:colcon.colcon_core.environment:checking '/home/modhura/turtlebot3_ws/install/turtlebot3_gazebo' for CMake module files
[21.029s] Level 1:colcon.colcon_core.environment:checking '/home/modhura/turtlebot3_ws/install/turtlebot3_gazebo' for CMake config files
[21.029s] Level 1:colcon.colcon_core.shell:create_environment_hook('turtlebot3_gazebo', 'cmake_prefix_path')
[21.029s] INFO:colcon.colcon_core.shell:Creating environment hook '/home/modhura/turtlebot3_ws/install/turtlebot3_gazebo/share/turtlebot3_gazebo/hook/cmake_prefix_path.ps1'
[21.030s] INFO:colcon.colcon_core.shell:Creating environment descriptor '/home/modhura/turtlebot3_ws/install/turtlebot3_gazebo/share/turtlebot3_gazebo/hook/cmake_prefix_path.dsv'
[21.030s] INFO:colcon.colcon_core.shell:Creating environment hook '/home/modhura/turtlebot3_ws/install/turtlebot3_gazebo/share/turtlebot3_gazebo/hook/cmake_prefix_path.sh'
[21.030s] Level 1:colcon.colcon_core.environment:checking '/home/modhura/turtlebot3_ws/install/turtlebot3_gazebo/lib'
[21.030s] Level 1:colcon.colcon_core.environment:checking '/home/modhura/turtlebot3_ws/install/turtlebot3_gazebo/bin'
[21.030s] Level 1:colcon.colcon_core.environment:checking '/home/modhura/turtlebot3_ws/install/turtlebot3_gazebo/lib/pkgconfig/turtlebot3_gazebo.pc'
[21.031s] Level 1:colcon.colcon_core.environment:checking '/home/modhura/turtlebot3_ws/install/turtlebot3_gazebo/lib/python3.10/site-packages'
[21.031s] Level 1:colcon.colcon_core.environment:checking '/home/modhura/turtlebot3_ws/install/turtlebot3_gazebo/bin'
[21.031s] INFO:colcon.colcon_core.shell:Creating package script '/home/modhura/turtlebot3_ws/install/turtlebot3_gazebo/share/turtlebot3_gazebo/package.ps1'
[21.031s] INFO:colcon.colcon_core.shell:Creating package descriptor '/home/modhura/turtlebot3_ws/install/turtlebot3_gazebo/share/turtlebot3_gazebo/package.dsv'
[21.032s] INFO:colcon.colcon_core.shell:Creating package script '/home/modhura/turtlebot3_ws/install/turtlebot3_gazebo/share/turtlebot3_gazebo/package.sh'
[21.032s] INFO:colcon.colcon_core.shell:Creating package script '/home/modhura/turtlebot3_ws/install/turtlebot3_gazebo/share/turtlebot3_gazebo/package.bash'
[21.032s] INFO:colcon.colcon_core.shell:Creating package script '/home/modhura/turtlebot3_ws/install/turtlebot3_gazebo/share/turtlebot3_gazebo/package.zsh'
[21.032s] Level 1:colcon.colcon_core.environment:create_file_with_runtime_dependencies(/home/modhura/turtlebot3_ws/install/turtlebot3_gazebo/share/colcon-core/packages/turtlebot3_gazebo)
[21.034s] INFO:colcon.colcon_ros.task.ament_cmake.build:Building ROS package in '/home/modhura/turtlebot3_ws/src/turtlebot3_simulations' with build type 'ament_cmake'
[21.034s] INFO:colcon.colcon_cmake.task.cmake.build:Building CMake package in '/home/modhura/turtlebot3_ws/src/turtlebot3_simulations'
[21.034s] INFO:colcon.colcon_core.shell:Skip shell extension 'powershell' for command environment: Not usable outside of PowerShell
[21.034s] DEBUG:colcon.colcon_core.shell:Skip shell extension 'dsv' for command environment
[21.051s] DEBUG:colcon.colcon_core.event_handler.log_command:Invoking command in '/home/modhura/turtlebot3_ws/build/turtlebot3_simulations': AMENT_PREFIX_PATH=/home/modhura/turtlebot3_ws/install/turtlebot3_manipulation_gazebo:/home/modhura/turtlebot3_ws/install/turtlebot3_gazebo:/home/modhura/turtlebot3_ws/install/turtlebot3_fake_node:${AMENT_PREFIX_PATH} CMAKE_PREFIX_PATH=/home/modhura/turtlebot3_ws/install/turtlebot3_manipulation_gazebo:/home/modhura/turtlebot3_ws/install/turtlebot3_gazebo:/home/modhura/turtlebot3_ws/install/turtlebot3_fake_node:/home/modhura/ros2_ws/install/experiment8b_myrobot_bringup:/home/modhura/ros2_ws/install/experiment8b_myrobot:/opt/ros/humble /usr/bin/cmake /home/modhura/turtlebot3_ws/src/turtlebot3_simulations -DCMAKE_INSTALL_PREFIX=/home/modhura/turtlebot3_ws/install/turtlebot3_simulations
[21.592s] DEBUG:colcon.colcon_core.event_handler.log_command:Invoked command in '/home/modhura/turtlebot3_ws/build/turtlebot3_simulations' returned '0': AMENT_PREFIX_PATH=/home/modhura/turtlebot3_ws/install/turtlebot3_manipulation_gazebo:/home/modhura/turtlebot3_ws/install/turtlebot3_gazebo:/home/modhura/turtlebot3_ws/install/turtlebot3_fake_node:${AMENT_PREFIX_PATH} CMAKE_PREFIX_PATH=/home/modhura/turtlebot3_ws/install/turtlebot3_manipulation_gazebo:/home/modhura/turtlebot3_ws/install/turtlebot3_gazebo:/home/modhura/turtlebot3_ws/install/turtlebot3_fake_node:/home/modhura/ros2_ws/install/experiment8b_myrobot_bringup:/home/modhura/ros2_ws/install/experiment8b_myrobot:/opt/ros/humble /usr/bin/cmake /home/modhura/turtlebot3_ws/src/turtlebot3_simulations -DCMAKE_INSTALL_PREFIX=/home/modhura/turtlebot3_ws/install/turtlebot3_simulations
[21.593s] DEBUG:colcon.colcon_core.event_handler.log_command:Invoking command in '/home/modhura/turtlebot3_ws/build/turtlebot3_simulations': AMENT_PREFIX_PATH=/home/modhura/turtlebot3_ws/install/turtlebot3_manipulation_gazebo:/home/modhura/turtlebot3_ws/install/turtlebot3_gazebo:/home/modhura/turtlebot3_ws/install/turtlebot3_fake_node:${AMENT_PREFIX_PATH} CMAKE_PREFIX_PATH=/home/modhura/turtlebot3_ws/install/turtlebot3_manipulation_gazebo:/home/modhura/turtlebot3_ws/install/turtlebot3_gazebo:/home/modhura/turtlebot3_ws/install/turtlebot3_fake_node:/home/modhura/ros2_ws/install/experiment8b_myrobot_bringup:/home/modhura/ros2_ws/install/experiment8b_myrobot:/opt/ros/humble /usr/bin/cmake --build /home/modhura/turtlebot3_ws/build/turtlebot3_simulations -- -j8 -l8
[21.622s] DEBUG:colcon.colcon_core.event_handler.log_command:Invoked command in '/home/modhura/turtlebot3_ws/build/turtlebot3_simulations' returned '0': AMENT_PREFIX_PATH=/home/modhura/turtlebot3_ws/install/turtlebot3_manipulation_gazebo:/home/modhura/turtlebot3_ws/install/turtlebot3_gazebo:/home/modhura/turtlebot3_ws/install/turtlebot3_fake_node:${AMENT_PREFIX_PATH} CMAKE_PREFIX_PATH=/home/modhura/turtlebot3_ws/install/turtlebot3_manipulation_gazebo:/home/modhura/turtlebot3_ws/install/turtlebot3_gazebo:/home/modhura/turtlebot3_ws/install/turtlebot3_fake_node:/home/modhura/ros2_ws/install/experiment8b_myrobot_bringup:/home/modhura/ros2_ws/install/experiment8b_myrobot:/opt/ros/humble /usr/bin/cmake --build /home/modhura/turtlebot3_ws/build/turtlebot3_simulations -- -j8 -l8
[21.624s] DEBUG:colcon.colcon_core.event_handler.log_command:Invoking command in '/home/modhura/turtlebot3_ws/build/turtlebot3_simulations': AMENT_PREFIX_PATH=/home/modhura/turtlebot3_ws/install/turtlebot3_manipulation_gazebo:/home/modhura/turtlebot3_ws/install/turtlebot3_gazebo:/home/modhura/turtlebot3_ws/install/turtlebot3_fake_node:${AMENT_PREFIX_PATH} CMAKE_PREFIX_PATH=/home/modhura/turtlebot3_ws/install/turtlebot3_manipulation_gazebo:/home/modhura/turtlebot3_ws/install/turtlebot3_gazebo:/home/modhura/turtlebot3_ws/install/turtlebot3_fake_node:/home/modhura/ros2_ws/install/experiment8b_myrobot_bringup:/home/modhura/ros2_ws/install/experiment8b_myrobot:/opt/ros/humble /usr/bin/cmake --install /home/modhura/turtlebot3_ws/build/turtlebot3_simulations
[21.634s] Level 1:colcon.colcon_core.environment:create_environment_scripts_only(turtlebot3_simulations)
[21.634s] Level 1:colcon.colcon_core.environment:checking '/home/modhura/turtlebot3_ws/install/turtlebot3_simulations' for CMake module files
[21.635s] DEBUG:colcon.colcon_core.event_handler.log_command:Invoked command in '/home/modhura/turtlebot3_ws/build/turtlebot3_simulations' returned '0': AMENT_PREFIX_PATH=/home/modhura/turtlebot3_ws/install/turtlebot3_manipulation_gazebo:/home/modhura/turtlebot3_ws/install/turtlebot3_gazebo:/home/modhura/turtlebot3_ws/install/turtlebot3_fake_node:${AMENT_PREFIX_PATH} CMAKE_PREFIX_PATH=/home/modhura/turtlebot3_ws/install/turtlebot3_manipulation_gazebo:/home/modhura/turtlebot3_ws/install/turtlebot3_gazebo:/home/modhura/turtlebot3_ws/install/turtlebot3_fake_node:/home/modhura/ros2_ws/install/experiment8b_myrobot_bringup:/home/modhura/ros2_ws/install/experiment8b_myrobot:/opt/ros/humble /usr/bin/cmake --install /home/modhura/turtlebot3_ws/build/turtlebot3_simulations
[21.635s] Level 1:colcon.colcon_core.environment:checking '/home/modhura/turtlebot3_ws/install/turtlebot3_simulations' for CMake config files
[21.635s] Level 1:colcon.colcon_core.shell:create_environment_hook('turtlebot3_simulations', 'cmake_prefix_path')
[21.635s] INFO:colcon.colcon_core.shell:Creating environment hook '/home/modhura/turtlebot3_ws/install/turtlebot3_simulations/share/turtlebot3_simulations/hook/cmake_prefix_path.ps1'
[21.636s] INFO:colcon.colcon_core.shell:Creating environment descriptor '/home/modhura/turtlebot3_ws/install/turtlebot3_simulations/share/turtlebot3_simulations/hook/cmake_prefix_path.dsv'
[21.636s] INFO:colcon.colcon_core.shell:Creating environment hook '/home/modhura/turtlebot3_ws/install/turtlebot3_simulations/share/turtlebot3_simulations/hook/cmake_prefix_path.sh'
[21.636s] Level 1:colcon.colcon_core.environment:checking '/home/modhura/turtlebot3_ws/install/turtlebot3_simulations/bin'
[21.637s] Level 1:colcon.colcon_core.environment:checking '/home/modhura/turtlebot3_ws/install/turtlebot3_simulations/lib/pkgconfig/turtlebot3_simulations.pc'
[21.637s] Level 1:colcon.colcon_core.environment:checking '/home/modhura/turtlebot3_ws/install/turtlebot3_simulations/lib/python3.10/site-packages'
[21.637s] Level 1:colcon.colcon_core.environment:checking '/home/modhura/turtlebot3_ws/install/turtlebot3_simulations/bin'
[21.638s] INFO:colcon.colcon_core.shell:Creating package script '/home/modhura/turtlebot3_ws/install/turtlebot3_simulations/share/turtlebot3_simulations/package.ps1'
[21.638s] INFO:colcon.colcon_core.shell:Creating package descriptor '/home/modhura/turtlebot3_ws/install/turtlebot3_simulations/share/turtlebot3_simulations/package.dsv'
[21.638s] INFO:colcon.colcon_core.shell:Creating package script '/home/modhura/turtlebot3_ws/install/turtlebot3_simulations/share/turtlebot3_simulations/package.sh'
[21.639s] INFO:colcon.colcon_core.shell:Creating package script '/home/modhura/turtlebot3_ws/install/turtlebot3_simulations/share/turtlebot3_simulations/package.bash'
[21.639s] INFO:colcon.colcon_core.shell:Creating package script '/home/modhura/turtlebot3_ws/install/turtlebot3_simulations/share/turtlebot3_simulations/package.zsh'
[21.639s] Level 1:colcon.colcon_core.environment:create_file_with_runtime_dependencies(/home/modhura/turtlebot3_ws/install/turtlebot3_simulations/share/colcon-core/packages/turtlebot3_simulations)
[21.640s] Level 1:colcon.colcon_core.environment:create_environment_scripts_only(turtlebot3_simulations)
[21.641s] Level 1:colcon.colcon_core.environment:checking '/home/modhura/turtlebot3_ws/install/turtlebot3_simulations' for CMake module files
[21.641s] Level 1:colcon.colcon_core.environment:checking '/home/modhura/turtlebot3_ws/install/turtlebot3_simulations' for CMake config files
[21.641s] Level 1:colcon.colcon_core.shell:create_environment_hook('turtlebot3_simulations', 'cmake_prefix_path')
[21.641s] INFO:colcon.colcon_core.shell:Creating environment hook '/home/modhura/turtlebot3_ws/install/turtlebot3_simulations/share/turtlebot3_simulations/hook/cmake_prefix_path.ps1'
[21.642s] INFO:colcon.colcon_core.shell:Creating environment descriptor '/home/modhura/turtlebot3_ws/install/turtlebot3_simulations/share/turtlebot3_simulations/hook/cmake_prefix_path.dsv'
[21.642s] INFO:colcon.colcon_core.shell:Creating environment hook '/home/modhura/turtlebot3_ws/install/turtlebot3_simulations/share/turtlebot3_simulations/hook/cmake_prefix_path.sh'
[21.643s] Level 1:colcon.colcon_core.environment:checking '/home/modhura/turtlebot3_ws/install/turtlebot3_simulations/bin'
[21.643s] Level 1:colcon.colcon_core.environment:checking '/home/modhura/turtlebot3_ws/install/turtlebot3_simulations/lib/pkgconfig/turtlebot3_simulations.pc'
[21.643s] Level 1:colcon.colcon_core.environment:checking '/home/modhura/turtlebot3_ws/install/turtlebot3_simulations/lib/python3.10/site-packages'
[21.644s] Level 1:colcon.colcon_core.environment:checking '/home/modhura/turtlebot3_ws/install/turtlebot3_simulations/bin'
[21.644s] INFO:colcon.colcon_core.shell:Creating package script '/home/modhura/turtlebot3_ws/install/turtlebot3_simulations/share/turtlebot3_simulations/package.ps1'
[21.644s] INFO:colcon.colcon_core.shell:Creating package descriptor '/home/modhura/turtlebot3_ws/install/turtlebot3_simulations/share/turtlebot3_simulations/package.dsv'
[21.645s] INFO:colcon.colcon_core.shell:Creating package script '/home/modhura/turtlebot3_ws/install/turtlebot3_simulations/share/turtlebot3_simulations/package.sh'
[21.646s] INFO:colcon.colcon_core.shell:Creating package script '/home/modhura/turtlebot3_ws/install/turtlebot3_simulations/share/turtlebot3_simulations/package.bash'
[21.646s] INFO:colcon.colcon_core.shell:Creating package script '/home/modhura/turtlebot3_ws/install/turtlebot3_simulations/share/turtlebot3_simulations/package.zsh'
[21.646s] Level 1:colcon.colcon_core.environment:create_file_with_runtime_dependencies(/home/modhura/turtlebot3_ws/install/turtlebot3_simulations/share/colcon-core/packages/turtlebot3_simulations)
[21.647s] DEBUG:colcon.colcon_parallel_executor.executor.parallel:closing loop
[21.649s] DEBUG:colcon.colcon_parallel_executor.executor.parallel:loop closed
[21.650s] DEBUG:colcon.colcon_parallel_executor.executor.parallel:run_until_complete finished with '0'
[21.651s] DEBUG:colcon.colcon_core.event_reactor:joining thread
[21.678s] INFO:colcon.colcon_core.plugin_system:Skipping extension 'colcon_notification.desktop_notification.terminal_notifier': Not used on non-Darwin systems
[21.678s] INFO:colcon.colcon_core.plugin_system:Skipping extension 'colcon_notification.desktop_notification.win32': Not used on non-Windows systems
[21.678s] INFO:colcon.colcon_notification.desktop_notification:Sending desktop notification using 'notify2'
[21.917s] DEBUG:colcon.colcon_core.event_reactor:joined thread
[21.918s] INFO:colcon.colcon_core.shell:Creating prefix script '/home/modhura/turtlebot3_ws/install/local_setup.ps1'
[21.919s] INFO:colcon.colcon_core.shell:Creating prefix util module '/home/modhura/turtlebot3_ws/install/_local_setup_util_ps1.py'
[21.921s] INFO:colcon.colcon_core.shell:Creating prefix chain script '/home/modhura/turtlebot3_ws/install/setup.ps1'
[21.922s] INFO:colcon.colcon_core.shell:Creating prefix script '/home/modhura/turtlebot3_ws/install/local_setup.sh'
[21.922s] INFO:colcon.colcon_core.shell:Creating prefix util module '/home/modhura/turtlebot3_ws/install/_local_setup_util_sh.py'
[21.923s] INFO:colcon.colcon_core.shell:Creating prefix chain script '/home/modhura/turtlebot3_ws/install/setup.sh'
[21.924s] INFO:colcon.colcon_core.shell:Creating prefix script '/home/modhura/turtlebot3_ws/install/local_setup.bash'
[21.925s] INFO:colcon.colcon_core.shell:Creating prefix chain script '/home/modhura/turtlebot3_ws/install/setup.bash'
[21.925s] INFO:colcon.colcon_core.shell:Creating prefix script '/home/modhura/turtlebot3_ws/install/local_setup.zsh'
[21.926s] INFO:colcon.colcon_core.shell:Creating prefix chain script '/home/modhura/turtlebot3_ws/install/setup.zsh'
